[radio.garden/index7c62.html]
[backblue.gif]
[fade.gif]
[index.html]
[radio.garden/public/icons/rg-facebook-1.jpg]
[radio.garden/index.html]
[radio.garden/public/icons/rg-twitter-1.jpg]
[radio.garden/icons/favicon.png]
[radio.garden/public/icons/ios/ios-appicon-76-76.png]
[radio.garden/public/icons/ios/ios-appicon-152-152.png]
[radio.garden/public/icons/ios/ios-appicon-180-180.png]
[radio.garden/public/icons/ios/ios-launchimage-1242-2208.png]
[radio.garden/public/icons/ios/ios-launchimage-750-1334.png]
[radio.garden/public/icons/ios/ios-launchimage-1536-2048.png]
[radio.garden/manifest.json]
[radio.garden/fonts/AtlasGrotesk-Regular-Web.woff2]
[radio.garden/fonts/AtlasGrotesk-Regular-Web.woff]
[radio.garden/assets/index-a3e7bd54.js]
[radio.garden/assets/web-storage-f871d972.js]
[radio.garden/assets/modules-5315f3b0.js]
[radio.garden/assets/index-59ef851b.css]
[radio.garden/update-browser/explorer.html]
[radio.garden/window.location.href]
[radio.garden/Chrome/index.html]
[pagead2.googlesyndication.com/pagead/js/f.txt]
[radio.garden/assets/viewer-85d2b34c.js]
[radio.garden/api/geo.json]
[radio.garden/index7c62.html]
[radio.garden/index.html]
[radio.garden/assets/polyfills-legacy-32800955.js]
[radio.garden/assets/cesium-57435616.js]
[radio.garden/icons/icon_60pt@2x.png]
[radio.garden/assets/index-59ef851b.css]
[radio.garden/update-browser/explorer.html]
[radio.garden/Chrome/index.html]
[radio.garden/window.location.html]
